// Jest Snapshot v1, https://goo.gl/fbAQLP

exports[`NotFound should render correctly 1`] = `
ShallowWrapper {
  "length": 1,
  Symbol(enzyme.__root__): [Circular],
  Symbol(enzyme.__unrendered__): <NotFound />,
  Symbol(enzyme.__renderer__): Object {
    "batchedUpdates": [Function],
    "getNode": [Function],
    "render": [Function],
    "simulateEvent": [Function],
    "unmount": [Function],
  },
  Symbol(enzyme.__node__): Object {
    "instance": null,
    "key": undefined,
    "nodeType": "host",
    "props": Object {
      "children": <div
        className="notFound__content"
      >
        <div
          className="notFound__content__title"
        >
          Page doesn\`t Found
        </div>
        <Button
          className="notFound__content__backBtn"
          name="Back to Main Page"
          onClick={[Function]}
        />
      </div>,
      "className": "notFound",
    },
    "ref": null,
    "rendered": Object {
      "instance": null,
      "key": undefined,
      "nodeType": "host",
      "props": Object {
        "children": Array [
          <div
            className="notFound__content__title"
          >
            Page doesn\`t Found
          </div>,
          <Button
            className="notFound__content__backBtn"
            name="Back to Main Page"
            onClick={[Function]}
          />,
        ],
        "className": "notFound__content",
      },
      "ref": null,
      "rendered": Array [
        Object {
          "instance": null,
          "key": undefined,
          "nodeType": "host",
          "props": Object {
            "children": "Page doesn\`t Found",
            "className": "notFound__content__title",
          },
          "ref": null,
          "rendered": "Page doesn\`t Found",
          "type": "div",
        },
        Object {
          "instance": null,
          "key": undefined,
          "nodeType": "host",
          "props": Object {
            "className": "notFound__content__backBtn",
            "name": "Back to Main Page",
            "onClick": [Function],
          },
          "ref": null,
          "rendered": null,
          "type": "Button",
        },
      ],
      "type": "div",
    },
    "type": "div",
  },
  Symbol(enzyme.__nodes__): Array [
    Object {
      "instance": null,
      "key": undefined,
      "nodeType": "host",
      "props": Object {
        "children": <div
          className="notFound__content"
        >
          <div
            className="notFound__content__title"
          >
            Page doesn\`t Found
          </div>
          <Button
            className="notFound__content__backBtn"
            name="Back to Main Page"
            onClick={[Function]}
          />
        </div>,
        "className": "notFound",
      },
      "ref": null,
      "rendered": Object {
        "instance": null,
        "key": undefined,
        "nodeType": "host",
        "props": Object {
          "children": Array [
            <div
              className="notFound__content__title"
            >
              Page doesn\`t Found
            </div>,
            <Button
              className="notFound__content__backBtn"
              name="Back to Main Page"
              onClick={[Function]}
            />,
          ],
          "className": "notFound__content",
        },
        "ref": null,
        "rendered": Array [
          Object {
            "instance": null,
            "key": undefined,
            "nodeType": "host",
            "props": Object {
              "children": "Page doesn\`t Found",
              "className": "notFound__content__title",
            },
            "ref": null,
            "rendered": "Page doesn\`t Found",
            "type": "div",
          },
          Object {
            "instance": null,
            "key": undefined,
            "nodeType": "host",
            "props": Object {
              "className": "notFound__content__backBtn",
              "name": "Back to Main Page",
              "onClick": [Function],
            },
            "ref": null,
            "rendered": null,
            "type": "Button",
          },
        ],
        "type": "div",
      },
      "type": "div",
    },
  ],
  Symbol(enzyme.__options__): Object {
    "adapter": ReactSixteenAdapter {
      "options": Object {
        "enableComponentDidUpdateOnSetState": true,
      },
    },
  },
}
`;
