// Jest Snapshot v1, https://goo.gl/fbAQLP

exports[`Movie should render correctly  1`] = `
ShallowWrapper {
  "length": 1,
  Symbol(enzyme.__root__): [Circular],
  Symbol(enzyme.__unrendered__): <Movie
    movie={
      Object {
        "genres": Array [
          "comedy",
        ],
        "id": 1,
        "poster_path": "path",
        "release_date": "12-01-2018",
        "title": "title",
      }
    }
  />,
  Symbol(enzyme.__renderer__): Object {
    "batchedUpdates": [Function],
    "getNode": [Function],
    "render": [Function],
    "simulateEvent": [Function],
    "unmount": [Function],
  },
  Symbol(enzyme.__node__): Object {
    "instance": null,
    "key": undefined,
    "nodeType": "host",
    "props": Object {
      "children": <div
        className="movie__content"
      >
        <img
          alt="title"
          className="movie__content__poster"
          src="path"
        />
        <div
          className="movie__content__info"
        >
          <Link
            className="movie__content__info__title"
            replace={false}
            to="/movies/1"
          >
            title
          </Link>
          <div
            className="movie__content__info__year"
          >
            2018
          </div>
        </div>
        <div
          className="movie__content__genres"
        >
          comedy
        </div>
      </div>,
      "className": "movie",
    },
    "ref": null,
    "rendered": Object {
      "instance": null,
      "key": undefined,
      "nodeType": "host",
      "props": Object {
        "children": Array [
          <img
            alt="title"
            className="movie__content__poster"
            src="path"
          />,
          <div
            className="movie__content__info"
          >
            <Link
              className="movie__content__info__title"
              replace={false}
              to="/movies/1"
            >
              title
            </Link>
            <div
              className="movie__content__info__year"
            >
              2018
            </div>
          </div>,
          <div
            className="movie__content__genres"
          >
            comedy
          </div>,
        ],
        "className": "movie__content",
      },
      "ref": null,
      "rendered": Array [
        Object {
          "instance": null,
          "key": undefined,
          "nodeType": "host",
          "props": Object {
            "alt": "title",
            "className": "movie__content__poster",
            "src": "path",
          },
          "ref": null,
          "rendered": null,
          "type": "img",
        },
        Object {
          "instance": null,
          "key": undefined,
          "nodeType": "host",
          "props": Object {
            "children": Array [
              <Link
                className="movie__content__info__title"
                replace={false}
                to="/movies/1"
              >
                title
              </Link>,
              <div
                className="movie__content__info__year"
              >
                2018
              </div>,
            ],
            "className": "movie__content__info",
          },
          "ref": null,
          "rendered": Array [
            Object {
              "instance": null,
              "key": undefined,
              "nodeType": "class",
              "props": Object {
                "children": "title",
                "className": "movie__content__info__title",
                "replace": false,
                "to": "/movies/1",
              },
              "ref": null,
              "rendered": "title",
              "type": [Function],
            },
            Object {
              "instance": null,
              "key": undefined,
              "nodeType": "host",
              "props": Object {
                "children": 2018,
                "className": "movie__content__info__year",
              },
              "ref": null,
              "rendered": 2018,
              "type": "div",
            },
          ],
          "type": "div",
        },
        Object {
          "instance": null,
          "key": undefined,
          "nodeType": "host",
          "props": Object {
            "children": "comedy",
            "className": "movie__content__genres",
          },
          "ref": null,
          "rendered": "comedy",
          "type": "div",
        },
      ],
      "type": "div",
    },
    "type": "div",
  },
  Symbol(enzyme.__nodes__): Array [
    Object {
      "instance": null,
      "key": undefined,
      "nodeType": "host",
      "props": Object {
        "children": <div
          className="movie__content"
        >
          <img
            alt="title"
            className="movie__content__poster"
            src="path"
          />
          <div
            className="movie__content__info"
          >
            <Link
              className="movie__content__info__title"
              replace={false}
              to="/movies/1"
            >
              title
            </Link>
            <div
              className="movie__content__info__year"
            >
              2018
            </div>
          </div>
          <div
            className="movie__content__genres"
          >
            comedy
          </div>
        </div>,
        "className": "movie",
      },
      "ref": null,
      "rendered": Object {
        "instance": null,
        "key": undefined,
        "nodeType": "host",
        "props": Object {
          "children": Array [
            <img
              alt="title"
              className="movie__content__poster"
              src="path"
            />,
            <div
              className="movie__content__info"
            >
              <Link
                className="movie__content__info__title"
                replace={false}
                to="/movies/1"
              >
                title
              </Link>
              <div
                className="movie__content__info__year"
              >
                2018
              </div>
            </div>,
            <div
              className="movie__content__genres"
            >
              comedy
            </div>,
          ],
          "className": "movie__content",
        },
        "ref": null,
        "rendered": Array [
          Object {
            "instance": null,
            "key": undefined,
            "nodeType": "host",
            "props": Object {
              "alt": "title",
              "className": "movie__content__poster",
              "src": "path",
            },
            "ref": null,
            "rendered": null,
            "type": "img",
          },
          Object {
            "instance": null,
            "key": undefined,
            "nodeType": "host",
            "props": Object {
              "children": Array [
                <Link
                  className="movie__content__info__title"
                  replace={false}
                  to="/movies/1"
                >
                  title
                </Link>,
                <div
                  className="movie__content__info__year"
                >
                  2018
                </div>,
              ],
              "className": "movie__content__info",
            },
            "ref": null,
            "rendered": Array [
              Object {
                "instance": null,
                "key": undefined,
                "nodeType": "class",
                "props": Object {
                  "children": "title",
                  "className": "movie__content__info__title",
                  "replace": false,
                  "to": "/movies/1",
                },
                "ref": null,
                "rendered": "title",
                "type": [Function],
              },
              Object {
                "instance": null,
                "key": undefined,
                "nodeType": "host",
                "props": Object {
                  "children": 2018,
                  "className": "movie__content__info__year",
                },
                "ref": null,
                "rendered": 2018,
                "type": "div",
              },
            ],
            "type": "div",
          },
          Object {
            "instance": null,
            "key": undefined,
            "nodeType": "host",
            "props": Object {
              "children": "comedy",
              "className": "movie__content__genres",
            },
            "ref": null,
            "rendered": "comedy",
            "type": "div",
          },
        ],
        "type": "div",
      },
      "type": "div",
    },
  ],
  Symbol(enzyme.__options__): Object {
    "adapter": ReactSixteenAdapter {
      "options": Object {
        "enableComponentDidUpdateOnSetState": true,
      },
    },
  },
}
`;
