// Jest Snapshot v1, https://goo.gl/fbAQLP

exports[`MovieDetails should render correctly  1`] = `
ShallowWrapper {
  "length": 1,
  Symbol(enzyme.__root__): [Circular],
  Symbol(enzyme.__unrendered__): <MovieDetails
    movie={
      Object {
        "id": 1,
        "overview": "overview",
        "poster_path": "poster_path",
        "tagline": "tagline",
        "title": "title",
        "year": "12-01-2018",
      }
    }
  />,
  Symbol(enzyme.__renderer__): Object {
    "batchedUpdates": [Function],
    "getNode": [Function],
    "render": [Function],
    "simulateEvent": [Function],
    "unmount": [Function],
  },
  Symbol(enzyme.__node__): Object {
    "instance": null,
    "key": undefined,
    "nodeType": "host",
    "props": Object {
      "children": Array [
        <div
          className="movie-details__poster"
        >
          <img
            alt="title"
            src="poster_path"
          />
        </div>,
        <div
          className="movie-details__info"
        >
          <div
            className="movie-details__info__title"
          >
            title
          </div>
          <div
            className="movie-details__info__tagline"
          >
            tagline
          </div>
          <div
            className="movie-details__info__info"
          >
            <div
              className="movie-details__info__year"
            >
              NaN
            </div>
            <div
              className="movie-details__info__runtime"
            >
               min
            </div>
          </div>
          <div
            className="movie-details__info__overview"
          >
            overview
          </div>
        </div>,
      ],
      "className": "movie-details",
    },
    "ref": null,
    "rendered": Array [
      Object {
        "instance": null,
        "key": undefined,
        "nodeType": "host",
        "props": Object {
          "children": <img
            alt="title"
            src="poster_path"
          />,
          "className": "movie-details__poster",
        },
        "ref": null,
        "rendered": Object {
          "instance": null,
          "key": undefined,
          "nodeType": "host",
          "props": Object {
            "alt": "title",
            "src": "poster_path",
          },
          "ref": null,
          "rendered": null,
          "type": "img",
        },
        "type": "div",
      },
      Object {
        "instance": null,
        "key": undefined,
        "nodeType": "host",
        "props": Object {
          "children": Array [
            <div
              className="movie-details__info__title"
            >
              title
            </div>,
            <div
              className="movie-details__info__tagline"
            >
              tagline
            </div>,
            <div
              className="movie-details__info__info"
            >
              <div
                className="movie-details__info__year"
              >
                NaN
              </div>
              <div
                className="movie-details__info__runtime"
              >
                 min
              </div>
            </div>,
            <div
              className="movie-details__info__overview"
            >
              overview
            </div>,
          ],
          "className": "movie-details__info",
        },
        "ref": null,
        "rendered": Array [
          Object {
            "instance": null,
            "key": undefined,
            "nodeType": "host",
            "props": Object {
              "children": "title",
              "className": "movie-details__info__title",
            },
            "ref": null,
            "rendered": "title",
            "type": "div",
          },
          Object {
            "instance": null,
            "key": undefined,
            "nodeType": "host",
            "props": Object {
              "children": "tagline",
              "className": "movie-details__info__tagline",
            },
            "ref": null,
            "rendered": "tagline",
            "type": "div",
          },
          Object {
            "instance": null,
            "key": undefined,
            "nodeType": "host",
            "props": Object {
              "children": Array [
                <div
                  className="movie-details__info__year"
                >
                  NaN
                </div>,
                <div
                  className="movie-details__info__runtime"
                >
                   min
                </div>,
              ],
              "className": "movie-details__info__info",
            },
            "ref": null,
            "rendered": Array [
              Object {
                "instance": null,
                "key": undefined,
                "nodeType": "host",
                "props": Object {
                  "children": "NaN",
                  "className": "movie-details__info__year",
                },
                "ref": null,
                "rendered": "NaN",
                "type": "div",
              },
              Object {
                "instance": null,
                "key": undefined,
                "nodeType": "host",
                "props": Object {
                  "children": Array [
                    undefined,
                    " min",
                  ],
                  "className": "movie-details__info__runtime",
                },
                "ref": null,
                "rendered": Array [
                  undefined,
                  " min",
                ],
                "type": "div",
              },
            ],
            "type": "div",
          },
          Object {
            "instance": null,
            "key": undefined,
            "nodeType": "host",
            "props": Object {
              "children": "overview",
              "className": "movie-details__info__overview",
            },
            "ref": null,
            "rendered": "overview",
            "type": "div",
          },
        ],
        "type": "div",
      },
    ],
    "type": "div",
  },
  Symbol(enzyme.__nodes__): Array [
    Object {
      "instance": null,
      "key": undefined,
      "nodeType": "host",
      "props": Object {
        "children": Array [
          <div
            className="movie-details__poster"
          >
            <img
              alt="title"
              src="poster_path"
            />
          </div>,
          <div
            className="movie-details__info"
          >
            <div
              className="movie-details__info__title"
            >
              title
            </div>
            <div
              className="movie-details__info__tagline"
            >
              tagline
            </div>
            <div
              className="movie-details__info__info"
            >
              <div
                className="movie-details__info__year"
              >
                NaN
              </div>
              <div
                className="movie-details__info__runtime"
              >
                 min
              </div>
            </div>
            <div
              className="movie-details__info__overview"
            >
              overview
            </div>
          </div>,
        ],
        "className": "movie-details",
      },
      "ref": null,
      "rendered": Array [
        Object {
          "instance": null,
          "key": undefined,
          "nodeType": "host",
          "props": Object {
            "children": <img
              alt="title"
              src="poster_path"
            />,
            "className": "movie-details__poster",
          },
          "ref": null,
          "rendered": Object {
            "instance": null,
            "key": undefined,
            "nodeType": "host",
            "props": Object {
              "alt": "title",
              "src": "poster_path",
            },
            "ref": null,
            "rendered": null,
            "type": "img",
          },
          "type": "div",
        },
        Object {
          "instance": null,
          "key": undefined,
          "nodeType": "host",
          "props": Object {
            "children": Array [
              <div
                className="movie-details__info__title"
              >
                title
              </div>,
              <div
                className="movie-details__info__tagline"
              >
                tagline
              </div>,
              <div
                className="movie-details__info__info"
              >
                <div
                  className="movie-details__info__year"
                >
                  NaN
                </div>
                <div
                  className="movie-details__info__runtime"
                >
                   min
                </div>
              </div>,
              <div
                className="movie-details__info__overview"
              >
                overview
              </div>,
            ],
            "className": "movie-details__info",
          },
          "ref": null,
          "rendered": Array [
            Object {
              "instance": null,
              "key": undefined,
              "nodeType": "host",
              "props": Object {
                "children": "title",
                "className": "movie-details__info__title",
              },
              "ref": null,
              "rendered": "title",
              "type": "div",
            },
            Object {
              "instance": null,
              "key": undefined,
              "nodeType": "host",
              "props": Object {
                "children": "tagline",
                "className": "movie-details__info__tagline",
              },
              "ref": null,
              "rendered": "tagline",
              "type": "div",
            },
            Object {
              "instance": null,
              "key": undefined,
              "nodeType": "host",
              "props": Object {
                "children": Array [
                  <div
                    className="movie-details__info__year"
                  >
                    NaN
                  </div>,
                  <div
                    className="movie-details__info__runtime"
                  >
                     min
                  </div>,
                ],
                "className": "movie-details__info__info",
              },
              "ref": null,
              "rendered": Array [
                Object {
                  "instance": null,
                  "key": undefined,
                  "nodeType": "host",
                  "props": Object {
                    "children": "NaN",
                    "className": "movie-details__info__year",
                  },
                  "ref": null,
                  "rendered": "NaN",
                  "type": "div",
                },
                Object {
                  "instance": null,
                  "key": undefined,
                  "nodeType": "host",
                  "props": Object {
                    "children": Array [
                      undefined,
                      " min",
                    ],
                    "className": "movie-details__info__runtime",
                  },
                  "ref": null,
                  "rendered": Array [
                    undefined,
                    " min",
                  ],
                  "type": "div",
                },
              ],
              "type": "div",
            },
            Object {
              "instance": null,
              "key": undefined,
              "nodeType": "host",
              "props": Object {
                "children": "overview",
                "className": "movie-details__info__overview",
              },
              "ref": null,
              "rendered": "overview",
              "type": "div",
            },
          ],
          "type": "div",
        },
      ],
      "type": "div",
    },
  ],
  Symbol(enzyme.__options__): Object {
    "adapter": ReactSixteenAdapter {
      "options": Object {
        "enableComponentDidUpdateOnSetState": true,
      },
    },
  },
}
`;
