// Jest Snapshot v1, https://goo.gl/fbAQLP

exports[`Header should render correctly  1`] = `
ShallowWrapper {
  "length": 1,
  Symbol(enzyme.__root__): [Circular],
  Symbol(enzyme.__unrendered__): <Header
    isShowSearchBtn={true}
  />,
  Symbol(enzyme.__renderer__): Object {
    "batchedUpdates": [Function],
    "getNode": [Function],
    "render": [Function],
    "simulateEvent": [Function],
    "unmount": [Function],
  },
  Symbol(enzyme.__node__): Object {
    "instance": null,
    "key": undefined,
    "nodeType": "host",
    "props": Object {
      "children": Array [
        <div
          className="header__logo"
        >
          <LogoName />
          <Button
            className="header__search-button"
            name="Search"
            onClick={[Function]}
          />
        </div>,
        undefined,
      ],
      "className": "header",
    },
    "ref": null,
    "rendered": Array [
      Object {
        "instance": null,
        "key": undefined,
        "nodeType": "host",
        "props": Object {
          "children": Array [
            <LogoName />,
            <Button
              className="header__search-button"
              name="Search"
              onClick={[Function]}
            />,
          ],
          "className": "header__logo",
        },
        "ref": null,
        "rendered": Array [
          Object {
            "instance": null,
            "key": undefined,
            "nodeType": "host",
            "props": Object {},
            "ref": null,
            "rendered": null,
            "type": "LogoName",
          },
          Object {
            "instance": null,
            "key": undefined,
            "nodeType": "host",
            "props": Object {
              "className": "header__search-button",
              "name": "Search",
              "onClick": [Function],
            },
            "ref": null,
            "rendered": null,
            "type": "Button",
          },
        ],
        "type": "div",
      },
      undefined,
    ],
    "type": "header",
  },
  Symbol(enzyme.__nodes__): Array [
    Object {
      "instance": null,
      "key": undefined,
      "nodeType": "host",
      "props": Object {
        "children": Array [
          <div
            className="header__logo"
          >
            <LogoName />
            <Button
              className="header__search-button"
              name="Search"
              onClick={[Function]}
            />
          </div>,
          undefined,
        ],
        "className": "header",
      },
      "ref": null,
      "rendered": Array [
        Object {
          "instance": null,
          "key": undefined,
          "nodeType": "host",
          "props": Object {
            "children": Array [
              <LogoName />,
              <Button
                className="header__search-button"
                name="Search"
                onClick={[Function]}
              />,
            ],
            "className": "header__logo",
          },
          "ref": null,
          "rendered": Array [
            Object {
              "instance": null,
              "key": undefined,
              "nodeType": "host",
              "props": Object {},
              "ref": null,
              "rendered": null,
              "type": "LogoName",
            },
            Object {
              "instance": null,
              "key": undefined,
              "nodeType": "host",
              "props": Object {
                "className": "header__search-button",
                "name": "Search",
                "onClick": [Function],
              },
              "ref": null,
              "rendered": null,
              "type": "Button",
            },
          ],
          "type": "div",
        },
        undefined,
      ],
      "type": "header",
    },
  ],
  Symbol(enzyme.__options__): Object {
    "adapter": ReactSixteenAdapter {
      "options": Object {
        "enableComponentDidUpdateOnSetState": true,
      },
    },
  },
}
`;
