// Jest Snapshot v1, https://goo.gl/fbAQLP

exports[`SearchBy should render correctly  1`] = `
ShallowWrapper {
  "length": 1,
  Symbol(enzyme.__root__): [Circular],
  Symbol(enzyme.__unrendered__): <SearchBy
    onChange={[MockFunction]}
    searchBy="search"
  />,
  Symbol(enzyme.__renderer__): Object {
    "batchedUpdates": [Function],
    "getNode": [Function],
    "render": [Function],
    "simulateEvent": [Function],
    "unmount": [Function],
  },
  Symbol(enzyme.__node__): Object {
    "instance": null,
    "key": undefined,
    "nodeType": "host",
    "props": Object {
      "groupClassName": "searchBy",
      "name": "search",
      "onChange": [MockFunction],
      "options": Array [
        Object {
          "label": "Title",
          "value": "title",
        },
        Object {
          "label": "Director",
          "value": "director",
        },
      ],
      "param": "search",
      "title": "Search By",
    },
    "ref": null,
    "rendered": null,
    "type": "RadioGroup",
  },
  Symbol(enzyme.__nodes__): Array [
    Object {
      "instance": null,
      "key": undefined,
      "nodeType": "host",
      "props": Object {
        "groupClassName": "searchBy",
        "name": "search",
        "onChange": [MockFunction],
        "options": Array [
          Object {
            "label": "Title",
            "value": "title",
          },
          Object {
            "label": "Director",
            "value": "director",
          },
        ],
        "param": "search",
        "title": "Search By",
      },
      "ref": null,
      "rendered": null,
      "type": "RadioGroup",
    },
  ],
  Symbol(enzyme.__options__): Object {
    "adapter": ReactSixteenAdapter {
      "options": Object {
        "enableComponentDidUpdateOnSetState": true,
      },
    },
  },
}
`;
